I'm sorry, but errors were detected in your script. Please correct the
errors listed below, and try again.


File "game/screens.rpy", line 1293: expected a keyword argument or end of line.
    focus_mask = Displayable
               ^

Ren'Py Version: Ren'Py 8.0.0.22062402
Sun Nov  5 20:49:56 2023
